// Jest Snapshot v1, https://goo.gl/fbAQLP

exports[`on boarding Rendering should match to snapshot - on boarding container: On boarding container snapshot 1`] = `
initialize {
  "0": Object {
    "attribs": Object {
      "style": "height:100%;background-color:#f8f8f8",
    },
    "children": Array [
      Object {
        "attribs": Object {
          "activeanimationtype": "timing",
          "activeslidealignment": "center",
          "activeslideoffset": "20",
          "apparitiondelay": "0",
          "autoplaydelay": "1000",
          "autoplayinterval": "3000",
          "callbackoffsetmargin": "5",
          "containercustomstyle": "[object Object]",
          "contentcontainercustomstyle": "[object Object]",
          "contentcontainerstyle": "[object Object],[object Object]",
          "data": "[object Object],[object Object],[object Object],[object Object]",
          "decelerationrate": "fast",
          "firstitem": "0",
          "inactiveslideopacity": "1",
          "inactiveslidescale": "1",
          "inactiveslideshift": "0",
          "initialnumtorender": "6",
          "itemwidth": "750",
          "layout": "default",
          "layoutcardoffset": "30",
          "lockscrolltimeoutduration": "1000",
          "loopclonesperside": "3",
          "maxtorenderperbatch": "13",
          "numcolumns": "1",
          "overscrollmode": "never",
          "scrolleventthrottle": "1",
          "sliderwidth": "750",
          "slidestyle": "[object Object]",
          "stickyheaderindices": "",
          "style": "opacity:0;width:750px;flex-direction:row",
          "swipethreshold": "20",
          "updatecellsbatchingperiod": "50",
          "viewabilityconfigcallbackpairs": "",
          "windowsize": "13",
        },
        "children": Array [
          Object {
            "attribs": Object {},
            "children": Array [
              Object {
                "attribs": Object {
                  "style": "0:[object Object]",
                },
                "children": Array [],
                "name": "view",
                "namespace": "http://www.w3.org/1999/xhtml",
                "next": Object {
                  "attribs": Object {
                    "style": "0:[object Object]",
                  },
                  "children": Array [],
                  "name": "view",
                  "namespace": "http://www.w3.org/1999/xhtml",
                  "next": Object {
                    "attribs": Object {
                      "style": "0:[object Object]",
                    },
                    "children": Array [],
                    "name": "view",
                    "namespace": "http://www.w3.org/1999/xhtml",
                    "next": Object {
                      "attribs": Object {
                        "style": "0:[object Object]",
                      },
                      "children": Array [],
                      "name": "view",
                      "namespace": "http://www.w3.org/1999/xhtml",
                      "next": null,
                      "parent": [Circular],
                      "prev": [Circular],
                      "type": "tag",
                      "x-attribsNamespace": Object {
                        "style": undefined,
                      },
                      "x-attribsPrefix": Object {
                        "style": undefined,
                      },
                    },
                    "parent": [Circular],
                    "prev": [Circular],
                    "type": "tag",
                    "x-attribsNamespace": Object {
                      "style": undefined,
                    },
                    "x-attribsPrefix": Object {
                      "style": undefined,
                    },
                  },
                  "parent": [Circular],
                  "prev": [Circular],
                  "type": "tag",
                  "x-attribsNamespace": Object {
                    "style": undefined,
                  },
                  "x-attribsPrefix": Object {
                    "style": undefined,
                  },
                },
                "parent": [Circular],
                "prev": null,
                "type": "tag",
                "x-attribsNamespace": Object {
                  "style": undefined,
                },
                "x-attribsPrefix": Object {
                  "style": undefined,
                },
              },
              Object {
                "attribs": Object {
                  "style": "0:[object Object]",
                },
                "children": Array [],
                "name": "view",
                "namespace": "http://www.w3.org/1999/xhtml",
                "next": Object {
                  "attribs": Object {
                    "style": "0:[object Object]",
                  },
                  "children": Array [],
                  "name": "view",
                  "namespace": "http://www.w3.org/1999/xhtml",
                  "next": Object {
                    "attribs": Object {
                      "style": "0:[object Object]",
                    },
                    "children": Array [],
                    "name": "view",
                    "namespace": "http://www.w3.org/1999/xhtml",
                    "next": null,
                    "parent": [Circular],
                    "prev": [Circular],
                    "type": "tag",
                    "x-attribsNamespace": Object {
                      "style": undefined,
                    },
                    "x-attribsPrefix": Object {
                      "style": undefined,
                    },
                  },
                  "parent": [Circular],
                  "prev": [Circular],
                  "type": "tag",
                  "x-attribsNamespace": Object {
                    "style": undefined,
                  },
                  "x-attribsPrefix": Object {
                    "style": undefined,
                  },
                },
                "parent": [Circular],
                "prev": Object {
                  "attribs": Object {
                    "style": "0:[object Object]",
                  },
                  "children": Array [],
                  "name": "view",
                  "namespace": "http://www.w3.org/1999/xhtml",
                  "next": [Circular],
                  "parent": [Circular],
                  "prev": null,
                  "type": "tag",
                  "x-attribsNamespace": Object {
                    "style": undefined,
                  },
                  "x-attribsPrefix": Object {
                    "style": undefined,
                  },
                },
                "type": "tag",
                "x-attribsNamespace": Object {
                  "style": undefined,
                },
                "x-attribsPrefix": Object {
                  "style": undefined,
                },
              },
              Object {
                "attribs": Object {
                  "style": "0:[object Object]",
                },
                "children": Array [],
                "name": "view",
                "namespace": "http://www.w3.org/1999/xhtml",
                "next": Object {
                  "attribs": Object {
                    "style": "0:[object Object]",
                  },
                  "children": Array [],
                  "name": "view",
                  "namespace": "http://www.w3.org/1999/xhtml",
                  "next": null,
                  "parent": [Circular],
                  "prev": [Circular],
                  "type": "tag",
                  "x-attribsNamespace": Object {
                    "style": undefined,
                  },
                  "x-attribsPrefix": Object {
                    "style": undefined,
                  },
                },
                "parent": [Circular],
                "prev": Object {
                  "attribs": Object {
                    "style": "0:[object Object]",
                  },
                  "children": Array [],
                  "name": "view",
                  "namespace": "http://www.w3.org/1999/xhtml",
                  "next": [Circular],
                  "parent": [Circular],
                  "prev": Object {
                    "attribs": Object {
                      "style": "0:[object Object]",
                    },
                    "children": Array [],
                    "name": "view",
                    "namespace": "http://www.w3.org/1999/xhtml",
                    "next": [Circular],
                    "parent": [Circular],
                    "prev": null,
                    "type": "tag",
                    "x-attribsNamespace": Object {
                      "style": undefined,
                    },
                    "x-attribsPrefix": Object {
                      "style": undefined,
                    },
                  },
                  "type": "tag",
                  "x-attribsNamespace": Object {
                    "style": undefined,
                  },
                  "x-attribsPrefix": Object {
                    "style": undefined,
                  },
                },
                "type": "tag",
                "x-attribsNamespace": Object {
                  "style": undefined,
                },
                "x-attribsPrefix": Object {
                  "style": undefined,
                },
              },
              Object {
                "attribs": Object {
                  "style": "0:[object Object]",
                },
                "children": Array [],
                "name": "view",
                "namespace": "http://www.w3.org/1999/xhtml",
                "next": null,
                "parent": [Circular],
                "prev": Object {
                  "attribs": Object {
                    "style": "0:[object Object]",
                  },
                  "children": Array [],
                  "name": "view",
                  "namespace": "http://www.w3.org/1999/xhtml",
                  "next": [Circular],
                  "parent": [Circular],
                  "prev": Object {
                    "attribs": Object {
                      "style": "0:[object Object]",
                    },
                    "children": Array [],
                    "name": "view",
                    "namespace": "http://www.w3.org/1999/xhtml",
                    "next": [Circular],
                    "parent": [Circular],
                    "prev": Object {
                      "attribs": Object {
                        "style": "0:[object Object]",
                      },
                      "children": Array [],
                      "name": "view",
                      "namespace": "http://www.w3.org/1999/xhtml",
                      "next": [Circular],
                      "parent": [Circular],
                      "prev": null,
                      "type": "tag",
                      "x-attribsNamespace": Object {
                        "style": undefined,
                      },
                      "x-attribsPrefix": Object {
                        "style": undefined,
                      },
                    },
                    "type": "tag",
                    "x-attribsNamespace": Object {
                      "style": undefined,
                    },
                    "x-attribsPrefix": Object {
                      "style": undefined,
                    },
                  },
                  "type": "tag",
                  "x-attribsNamespace": Object {
                    "style": undefined,
                  },
                  "x-attribsPrefix": Object {
                    "style": undefined,
                  },
                },
                "type": "tag",
                "x-attribsNamespace": Object {
                  "style": undefined,
                },
                "x-attribsPrefix": Object {
                  "style": undefined,
                },
              },
            ],
            "name": "view",
            "namespace": "http://www.w3.org/1999/xhtml",
            "next": null,
            "parent": [Circular],
            "prev": null,
            "type": "tag",
            "x-attribsNamespace": Object {},
            "x-attribsPrefix": Object {},
          },
        ],
        "name": "rctscrollview",
        "namespace": "http://www.w3.org/1999/xhtml",
        "next": null,
        "parent": [Circular],
        "prev": null,
        "type": "tag",
        "x-attribsNamespace": Object {
          "activeanimationtype": undefined,
          "activeslidealignment": undefined,
          "activeslideoffset": undefined,
          "apparitiondelay": undefined,
          "autoplaydelay": undefined,
          "autoplayinterval": undefined,
          "callbackoffsetmargin": undefined,
          "containercustomstyle": undefined,
          "contentcontainercustomstyle": undefined,
          "contentcontainerstyle": undefined,
          "data": undefined,
          "decelerationrate": undefined,
          "firstitem": undefined,
          "inactiveslideopacity": undefined,
          "inactiveslidescale": undefined,
          "inactiveslideshift": undefined,
          "initialnumtorender": undefined,
          "itemwidth": undefined,
          "layout": undefined,
          "layoutcardoffset": undefined,
          "lockscrolltimeoutduration": undefined,
          "loopclonesperside": undefined,
          "maxtorenderperbatch": undefined,
          "numcolumns": undefined,
          "overscrollmode": undefined,
          "scrolleventthrottle": undefined,
          "sliderwidth": undefined,
          "slidestyle": undefined,
          "stickyheaderindices": undefined,
          "style": undefined,
          "swipethreshold": undefined,
          "updatecellsbatchingperiod": undefined,
          "viewabilityconfigcallbackpairs": undefined,
          "windowsize": undefined,
        },
        "x-attribsPrefix": Object {
          "activeanimationtype": undefined,
          "activeslidealignment": undefined,
          "activeslideoffset": undefined,
          "apparitiondelay": undefined,
          "autoplaydelay": undefined,
          "autoplayinterval": undefined,
          "callbackoffsetmargin": undefined,
          "containercustomstyle": undefined,
          "contentcontainercustomstyle": undefined,
          "contentcontainerstyle": undefined,
          "data": undefined,
          "decelerationrate": undefined,
          "firstitem": undefined,
          "inactiveslideopacity": undefined,
          "inactiveslidescale": undefined,
          "inactiveslideshift": undefined,
          "initialnumtorender": undefined,
          "itemwidth": undefined,
          "layout": undefined,
          "layoutcardoffset": undefined,
          "lockscrolltimeoutduration": undefined,
          "loopclonesperside": undefined,
          "maxtorenderperbatch": undefined,
          "numcolumns": undefined,
          "overscrollmode": undefined,
          "scrolleventthrottle": undefined,
          "sliderwidth": undefined,
          "slidestyle": undefined,
          "stickyheaderindices": undefined,
          "style": undefined,
          "swipethreshold": undefined,
          "updatecellsbatchingperiod": undefined,
          "viewabilityconfigcallbackpairs": undefined,
          "windowsize": undefined,
        },
      },
    ],
    "name": "view",
    "namespace": "http://www.w3.org/1999/xhtml",
    "next": null,
    "parent": null,
    "prev": null,
    "root": Object {
      "attribs": Object {},
      "children": Array [
        [Circular],
      ],
      "name": "root",
      "namespace": "http://www.w3.org/1999/xhtml",
      "next": null,
      "parent": null,
      "prev": null,
      "type": "root",
      "x-attribsNamespace": Object {},
      "x-attribsPrefix": Object {},
    },
    "type": "tag",
    "x-attribsNamespace": Object {
      "style": undefined,
    },
    "x-attribsPrefix": Object {
      "style": undefined,
    },
  },
  "_root": [Circular],
  "length": 1,
  "options": Object {
    "decodeEntities": true,
    "normalizeWhitespace": false,
    "withDomLvl1": true,
    "xml": false,
  },
}
`;
